vless://6ec49bd3-33c0-48ae-9341-972e7ec7907a@hk.example.com:443?type=tcp&security=reality&flow=xtls-rprx-vision&sni=www.apple.com&pbk=5Jb27oX8W738ZxUIXkYUhgRdCa094FSJXhP9YvUkUjU&sid=54743dc5e24d2a41&fp=chrome#t0
vless://19510f1c-2317-499e-88f9-de4ba7c9de23@hk.example.com:444?type=tcp&security=reality&sni=www.apple.com&pbk=vQV2yDqkaV19psaYsR47O9PZ7m5wVh_XTJzv3SNmcSw&sid=ea88e527a819b062&fp=ios#t1
vless://9fc5e0cb-6285-4e5e-91bb-453df4efed35@hk.example.com:445?type=xhttp&security=reality&sni=www.apple.com&pbk=ZMwwtuvc8ViVNcfmBvOTOMI9ZvCxOx3sMGEHy_mskUE&sid=6e54105d35de6024&fp=chrome&path=%2Fc680488a0d74b233&mode=stream-one#t2
vless://0e300dc6-a276-4d18-ae60-f4c0d8cae46b@hk.example.com:446?type=tcp&security=tls&flow=xtls-rprx-vision&sni=node.example.com#t3
vless://cd9fe072-8907-4ef0-9be3-61ea4b2864d2@hk.example.com:447?type=ws&security=tls&sni=node.example.com&path=%2Fvl#t4
vmess://eyJhZGQiOiJoay5leGFtcGxlLmNvbSIsImFpZCI6IjAiLCJob3N0IjoiIiwiaWQiOiI2MzllNGU4Ni1jODFjLTRmNTctYWM0ZC1lZWE0YTAyZWUxNTkiLCJuZXQiOiJ3cyIsInBhdGgiOiIvYzk3NjlhMzVmYjEzNmRlNCIsInBvcnQiOiI0NDgiLCJwcyI6InQ1Iiwic2N5IjoiYXV0byIsInNuaSI6IiIsInRscyI6IiIsInR5cGUiOiJub25lIiwidiI6IjIifQ==
vmess://eyJhZGQiOiJoay5leGFtcGxlLmNvbSIsImFpZCI6IjAiLCJob3N0IjoiIiwiaWQiOiJjODM0ZmU5Ni04M2I2LTRhYzUtYWEzYy00MThlNmVlODdjNGMiLCJuZXQiOiJ3cyIsInBhdGgiOiIvYTRmNDU1N2YxN2ZlZjg2MyIsInBvcnQiOiI0NDkiLCJwcyI6InQ2Iiwic2N5IjoiYXV0byIsInNuaSI6Im5vZGUuZXhhbXBsZS5jb20iLCJ0bHMiOiJ0bHMiLCJ0eXBlIjoibm9uZSIsInYiOiIyIn0=
vmess://eyJhZGQiOiJoay5leGFtcGxlLmNvbSIsImFpZCI6IjAiLCJob3N0IjoiIiwiaWQiOiI5OWEzMGJkMC0xZWM2LTQ1ZWUtYjQwNy0yNWViODdjMDA1YmQiLCJuZXQiOiJ0Y3AiLCJwYXRoIjoiIiwicG9ydCI6IjQ1MCIsInBzIjoidDciLCJzY3kiOiJhdXRvIiwic25pIjoiIiwidGxzIjoiIiwidHlwZSI6Im5vbmUiLCJ2IjoiMiJ9
trojan://d770f7cf496f7fca357a5e0d287ad93e1f30d38cc28ea4d4a56ac81082c0eec1@hk.example.com:451?type=tcp&security=tls&sni=node.example.com#t8
vless://1b777d6a-cf96-4f89-9e59-7d889fe4235a@hk.example.com:452?type=httpupgrade&security=tls&sni=node.example.com&path=%2Fa232f14ed878c8e1&host=cdn.example.com#t9
vmess://eyJhZGQiOiJoay5leGFtcGxlLmNvbSIsImFpZCI6IjAiLCJob3N0IjoiIiwiaWQiOiI4Yjg4NTNmYi0zNTQ3LTRjYTUtYjdmMy1kODczNmYyYjhiM2YiLCJuZXQiOiJ4aHR0cCIsInBhdGgiOiIvZDlkODcwNTRlZDRjMDAwYiIsInBvcnQiOiI0NTMiLCJwcyI6InQxMCIsInNjeSI6ImF1dG8iLCJzbmkiOiIiLCJ0bHMiOiIiLCJ0eXBlIjoiYXV0byIsInYiOiIyIn0=
trojan://cbbc6cfae4be8acdee3561a8df10aef63e25a8dbc3378aeafef351e2a793deec@hk.example.com:454?type=grpc&security=tls&sni=node.example.com&serviceName=081f5b7d6c24c39b&mode=gun#t11
ss://2022-blake3-aes-128-gcm:D4SCUD%2BQykMDrsw%2B%2BZuN8g%3D%3D%3AVpMbq1DuxbJ4K7%2B2OZjLRA%3D%3D@hk.example.com:455#t12
ss://2022-blake3-aes-256-gcm:ToH1n8izc5aaDQX0Zz71ob9Biwvc7tQfagD2Xx5TNUM%3D%3AYMEFSB8ZlmWBrEeUAjjV8PnmNBzVO0%2F23vvDfFDywFE%3D@hk.example.com:456#t13
hysteria2://a06a4623c47ef6fe84a19107d4f4a1ea321c80d6cd97e152b707229aae790131@hk.example.com:443/?sni=node.example.com#t14
vless://bed6a9eb-78e2-405b-941a-f173a1818db6@hk.example.com:457?type=grpc&security=tls&sni=node.example.com&serviceName=grpc-svc&mode=gun#t15
vless://c4a57424-7065-4ff5-91ea-f8209906ba4b@hk.example.com:9002?type=kcp#vless-kcp
ss://2022-blake3-aes-128-gcm:AAAAAAAAAAAAAAAAAAAAAA%3D%3D%3A4blVDvXrbBABiSMfkVTDqA%3D%3D@hk.example.com:9004#ss-tcp
vless://d01dbffb-44dc-468e-974c-3da0e05d0bc5@hk.example.com:9005?type=xhttp&path=%2Fs&mode=auto#vless-split