content-type: text/yaml; charset=utf-8
proxies:
proxy-groups:
  - name: PROXY
    type: select
    proxies:
      - DIRECT
rule-providers:
  geosite-category-ads-all:
    type: http
    behavior: domain
    format: text
    url: "https://cdn.jsdelivr.net/gh/MetaCubeX/meta-rules-dat@meta/geo/geosite/category-ads-all.list"
    interval: 86400
  geosite-private:
    type: http
    behavior: domain
    format: text
    url: "https://cdn.jsdelivr.net/gh/MetaCubeX/meta-rules-dat@meta/geo/geosite/private.list"
    interval: 86400
  geoip-private:
    type: http
    behavior: ipcidr
    format: text
    url: "https://cdn.jsdelivr.net/gh/MetaCubeX/meta-rules-dat@meta/geo/geoip/private.list"
    interval: 86400
  geosite-cn:
    type: http
    behavior: domain
    format: text
    url: "https://cdn.jsdelivr.net/gh/MetaCubeX/meta-rules-dat@meta/geo/geosite/cn.list"
    interval: 86400
  geoip-cn:
    type: http
    behavior: ipcidr
    format: text
    url: "https://cdn.jsdelivr.net/gh/MetaCubeX/meta-rules-dat@meta/geo/geoip/cn.list"
    interval: 86400
rules:
  - RULE-SET,geosite-category-ads-all,REJECT
  - RULE-SET,geosite-private,DIRECT
  - RULE-SET,geoip-private,DIRECT,no-resolve
  - RULE-SET,geosite-cn,DIRECT
  - RULE-SET,geoip-cn,DIRECT,no-resolve
  - MATCH,PROXY








































































































































































































































































































































































































































































































































































































































































































































































































































































































































































































































































































































































































































































































































































































































































































































































































































































































































































































































































































































































































































































































































































































































































































































































































































































































































































































































































































































































































































































































































































































































































































































































































































































































































































































































































































































































































































































































































































































































































































































































































































































































































































































































































































































































































































































































































































































































































































































































































































































































































































































































































































































































































































































































































































































































































































































































































































































































































































































































































































































































































































































































































































































































































































































































































































































































































































































































































































































































































































































































































































































































































































































































































































